python : 
C:\Users\ahmedabid\.pyenv\pyenv-win\versions\3.11.2\Lib\site-packages\sklearn\base.py:463: 
InconsistentVersionWarning: Trying to unpickle estimator TfidfTransformer from version 1.6.1 when 
using version 1.8.0. This might lead to breaking code or invalid results. Use at your own risk. 
For more info please refer to:
At line:1 char:1
+ python test_api.py > test_output.txt 2>&1
+ ~~~~~~~~~~~~~~~~~~~~~~~~~~~~~~~~~~~~~~~~~
    + CategoryInfo          : NotSpecified: (C:\Users\ahmeda...lease refer to::String) [], Remote 
   Exception
    + FullyQualifiedErrorId : NativeCommandError
 
https://scikit-learn.org/stable/model_persistence.html#security-maintainability-limitations
  warnings.warn(
C:\Users\ahmedabid\.pyenv\pyenv-win\versions\3.11.2\Lib\site-packages\sklearn\base.py:463: 
InconsistentVersionWarning: Trying to unpickle estimator TfidfVectorizer from version 1.6.1 when 
using version 1.8.0. This might lead to breaking code or invalid results. Use at your own risk. 
For more info please refer to:
https://scikit-learn.org/stable/model_persistence.html#security-maintainability-limitations
  warnings.warn(
C:\Users\ahmedabid\.pyenv\pyenv-win\versions\3.11.2\Lib\site-packages\sklearn\base.py:463: 
InconsistentVersionWarning: Trying to unpickle estimator LogisticRegression from version 1.6.1 
when using version 1.8.0. This might lead to breaking code or invalid results. Use at your own 
risk. For more info please refer to:
https://scikit-learn.org/stable/model_persistence.html#security-maintainability-limitations
  warnings.warn(
C:\Users\ahmedabid\.pyenv\pyenv-win\versions\3.11.2\Lib\site-packages\sklearn\base.py:463: 
InconsistentVersionWarning: Trying to unpickle estimator Pipeline from version 1.6.1 when using 
version 1.8.0. This might lead to breaking code or invalid results. Use at your own risk. For 
more info please refer to:
https://scikit-learn.org/stable/model_persistence.html#security-maintainability-limitations
  warnings.warn(
INFO:httpx:HTTP Request: GET http://testserver/ "HTTP/1.1 200 OK"
INFO:httpx:HTTP Request: POST http://testserver/predict "HTTP/1.1 200 OK"
INFO:httpx:HTTP Request: POST http://testserver/predict "HTTP/1.1 200 OK"
INFO:httpx:HTTP Request: POST http://testserver/predict "HTTP/1.1 422 Unprocessable Entity"
INFO:httpx:HTTP Request: POST http://testserver/predict "HTTP/1.1 422 Unprocessable Entity"
Testing Root Endpoint...
{'message': 'API is running'}

Testing Prediction - Normal Message (Not Spam)...
Status: 200
{'input': 'Hey, are we still on for tomorrow?', 'prediction': 'not spam', 'spam_probability': 0.1518326094729709, 'threshold': 0.4}

Testing Prediction - Spam Message...
Status: 200
{'input': "Congratulations! You've won a $1000 gift card. Click here to claim.", 'prediction': 'spam', 'spam_probability': 0.7386489425997177, 'threshold': 0.4}

Testing Prediction - Empty Message...
Status: 422
{'detail': [{'type': 'string_too_short', 'loc': ['body', 'text'], 'msg': 'String should have at least 1 character', 'input': '', 'ctx': {'min_length': 1}}]}

Testing Prediction - Missing Text field...
Status: 422
{'detail': [{'type': 'missing', 'loc': ['body', 'text'], 'msg': 'Field required', 'input': {'wrong_field': 'test'}}]}
